

================================================================
== Vitis HLS Report for 'maxmul2x2'
================================================================
* Date:           Wed Nov  5 00:58:08 2025

* Version:        2025.1 (Build 6135595 on May 21 2025)
* Project:        KhanhTran_Lab4
* Solution:       hls (Vivado IP Flow Target)
* Product family: artix7
* Target device:  xc7a35t-cpg236-1


================================================================
== Performance Estimates
================================================================
+ Timing: 
    * Summary: 
    +--------+----------+----------+------------+
    |  Clock |  Target  | Estimated| Uncertainty|
    +--------+----------+----------+------------+
    |ap_clk  |  10.00 ns|  6.930 ns|     2.70 ns|
    +--------+----------+----------+------------+

+ Latency: 
    * Summary: 
    +---------+---------+-----------+-----------+-----+-----+------------------------------------------------+
    |  Latency (cycles) |   Latency (absolute)  |  Interval |                    Pipeline                    |
    |   min   |   max   |    min    |    max    | min | max |                      Type                      |
    +---------+---------+-----------+-----------+-----+-----+------------------------------------------------+
    |        8|        8|  80.000 ns|  80.000 ns|    4|    4|  loop auto-rewind stp (delay=0 clock cycles(s))|
    +---------+---------+-----------+-----------+-----+-----+------------------------------------------------+

    + Detail: 
        * Instance: 
        N/A

        * Loop: 
        +-----------+---------+---------+----------+-----------+-----------+------+----------+
        |           |  Latency (cycles) | Iteration|  Initiation Interval  | Trip |          |
        | Loop Name |   min   |   max   |  Latency |  achieved |   target  | Count| Pipelined|
        +-----------+---------+---------+----------+-----------+-----------+------+----------+
        |- Row_Col  |        6|        6|         4|          1|          1|     4|       yes|
        +-----------+---------+---------+----------+-----------+-----------+------+----------+



================================================================
== Utilization Estimates
================================================================
* Summary: 
+-----------------+---------+----+-------+-------+-----+
|       Name      | BRAM_18K| DSP|   FF  |  LUT  | URAM|
+-----------------+---------+----+-------+-------+-----+
|DSP              |        -|   1|      -|      -|    -|
|Expression       |        -|   -|      0|    421|    -|
|FIFO             |        -|   -|      -|      -|    -|
|Instance         |        -|   1|      0|      6|    -|
|Memory           |        -|   -|      -|      -|    -|
|Multiplexer      |        -|   -|      0|     99|    -|
|Register         |        -|   -|    439|     96|    -|
+-----------------+---------+----+-------+-------+-----+
|Total            |        0|   2|    439|    622|    0|
+-----------------+---------+----+-------+-------+-----+
|Available        |      100|  90|  41600|  20800|    0|
+-----------------+---------+----+-------+-------+-----+
|Utilization (%)  |        0|   2|      1|      2|    0|
+-----------------+---------+----+-------+-------+-----+

+ Detail: 
    * Instance: 
    +-----------------------+--------------------+---------+----+---+----+-----+
    |        Instance       |       Module       | BRAM_18K| DSP| FF| LUT| URAM|
    +-----------------------+--------------------+---------+----+---+----+-----+
    |mul_16s_16s_32_1_1_U1  |mul_16s_16s_32_1_1  |        0|   1|  0|   6|    0|
    +-----------------------+--------------------+---------+----+---+----+-----+
    |Total                  |                    |        0|   1|  0|   6|    0|
    +-----------------------+--------------------+---------+----+---+----+-----+

    * DSP: 
    +----------------------------------+-------------------------------+--------------+
    |             Instance             |             Module            |  Expression  |
    +----------------------------------+-------------------------------+--------------+
    |mac_muladd_16s_16s_32s_32_4_1_U2  |mac_muladd_16s_16s_32s_32_4_1  |  i0 + i1 * i2|
    +----------------------------------+-------------------------------+--------------+

    * Memory: 
    N/A

    * FIFO: 
    N/A

    * Expression: 
    +-------------------------+----------+----+---+----+------------+------------+
    |      Variable Name      | Operation| DSP| FF| LUT| Bitwidth P0| Bitwidth P1|
    +-------------------------+----------+----+---+----+------------+------------+
    |add_ln14_1_fu_282_p2     |         +|   0|  0|  10|           2|           1|
    |add_ln14_fu_294_p2       |         +|   0|  0|  10|           2|           1|
    |j_fu_276_p2              |         +|   0|  0|  10|           2|           1|
    |ap_condition_112         |       and|   0|  0|   2|           1|           1|
    |ap_condition_346         |       and|   0|  0|   2|           1|           1|
    |cond_fu_252_p2           |      icmp|   0|  0|  10|           2|           1|
    |first_iter_0_fu_362_p2   |      icmp|   0|  0|  10|           2|           1|
    |icmp_ln14_fu_300_p2      |      icmp|   0|  0|  10|           2|           2|
    |icmp_ln16_fu_288_p2      |      icmp|   0|  0|  11|           2|           3|
    |icmp_ln20_1_fu_258_p2    |      icmp|   0|  0|  10|           2|           1|
    |icmp_ln20_fu_234_p2      |      icmp|   0|  0|  10|           2|           1|
    |c00                      |    select|   0|  0|  32|           1|          32|
    |c01                      |    select|   0|  0|  32|           1|          32|
    |c10                      |    select|   0|  0|  32|           1|          32|
    |c11                      |    select|   0|  0|  32|           1|          32|
    |i_fu_226_p3              |    select|   0|  0|   2|           1|           2|
    |select_ln14_fu_218_p3    |    select|   0|  0|   2|           1|           1|
    |select_ln20_1_fu_326_p3  |    select|   0|  0|  16|           1|          16|
    |select_ln20_2_fu_264_p3  |    select|   0|  0|  16|           1|          16|
    |select_ln20_3_fu_335_p3  |    select|   0|  0|  16|           1|          16|
    |select_ln20_fu_240_p3    |    select|   0|  0|  16|           1|          16|
    |select_ln22_1_fu_374_p3  |    select|   0|  0|  32|           1|          32|
    |select_ln22_2_fu_381_p3  |    select|   0|  0|  32|           1|          32|
    |select_ln22_3_fu_388_p3  |    select|   0|  0|  32|           1|          32|
    |select_ln22_fu_367_p3    |    select|   0|  0|  32|           1|          32|
    |ap_enable_pp0            |       xor|   0|  0|   2|           1|           2|
    +-------------------------+----------+----+---+----+------------+------------+
    |Total                    |          |   0|  0| 421|          35|         339|
    +-------------------------+----------+----+---+----+------------+------------+

    * Multiplexer: 
    +---------------------------------------+----+-----------+-----+-----------+
    |                  Name                 | LUT| Input Size| Bits| Total Bits|
    +---------------------------------------+----+-----------+-----+-----------+
    |add_ln1413_fu_96                       |   9|          2|    2|          4|
    |ap_done_int                            |   9|          2|    1|          2|
    |ap_loop_exit_ready_pp0_iter3_reg       |   9|          2|    1|          2|
    |ap_phi_mux_icmp_ln1612_phi_fu_179_p4   |   9|          2|    1|          2|
    |ap_sig_allocacmp_add_ln1413_load       |   9|          2|    2|          4|
    |ap_sig_allocacmp_i10_load              |   9|          2|    2|          4|
    |ap_sig_allocacmp_indvar_flatten9_load  |   9|          2|    2|          4|
    |ap_sig_allocacmp_j11_load              |   9|          2|    2|          4|
    |i10_fu_72                              |   9|          2|    2|          4|
    |indvar_flatten9_fu_68                  |   9|          2|    2|          4|
    |j11_fu_92                              |   9|          2|    2|          4|
    +---------------------------------------+----+-----------+-----+-----------+
    |Total                                  |  99|         22|   19|         38|
    +---------------------------------------+----+-----------+-----+-----------+

    * Register: 
    +----------------------------------+----+----+-----+-----------+
    |               Name               | FF | LUT| Bits| Const Bits|
    +----------------------------------+----+----+-----+-----------+
    |a01_read_reg_525                  |  16|   0|   16|          0|
    |a11_read_reg_520                  |  16|   0|   16|          0|
    |add_ln1413_fu_96                  |   2|   0|    2|          0|
    |ap_CS_fsm                         |   1|   0|    1|          0|
    |ap_done_reg                       |   1|   0|    1|          0|
    |ap_enable_reg_pp0_iter1           |   1|   0|    1|          0|
    |ap_enable_reg_pp0_iter2           |   1|   0|    1|          0|
    |ap_enable_reg_pp0_iter3           |   1|   0|    1|          0|
    |ap_loop_exit_ready_pp0_iter1_reg  |   1|   0|    1|          0|
    |ap_loop_exit_ready_pp0_iter2_reg  |   1|   0|    1|          0|
    |ap_loop_exit_ready_pp0_iter3_reg  |   1|   0|    1|          0|
    |b10_read_reg_515                  |  16|   0|   16|          0|
    |b11_read_reg_510                  |  16|   0|   16|          0|
    |cond_reg_545                      |   1|   0|    1|          0|
    |empty_5_fu_80                     |  32|   0|   32|          0|
    |empty_6_fu_84                     |  32|   0|   32|          0|
    |empty_7_fu_88                     |  32|   0|   32|          0|
    |empty_fu_76                       |  32|   0|   32|          0|
    |i10_fu_72                         |   2|   0|    2|          0|
    |icmp_ln14_reg_568                 |   1|   0|    1|          0|
    |icmp_ln16_reg_563                 |   1|   0|    1|          0|
    |icmp_ln20_1_reg_553               |   1|   0|    1|          0|
    |icmp_ln20_reg_535                 |   1|   0|    1|          0|
    |indvar_flatten9_fu_68             |   2|   0|    2|          0|
    |j11_fu_92                         |   2|   0|    2|          0|
    |mul_ln20_reg_572                  |  32|   0|   32|          0|
    |select_ln14_reg_530               |   2|   0|    2|          0|
    |cond_reg_545                      |  64|  32|    1|          0|
    |icmp_ln14_reg_568                 |  64|  32|    1|          0|
    |select_ln14_reg_530               |  64|  32|    2|          0|
    +----------------------------------+----+----+-----+-----------+
    |Total                             | 439|  96|  251|          0|
    +----------------------------------+----+----+-----+-----------+



================================================================
== Interface
================================================================
* Summary: 
+----------+-----+-----+------------+--------------+--------------+
| RTL Ports| Dir | Bits|  Protocol  | Source Object|    C Type    |
+----------+-----+-----+------------+--------------+--------------+
|ap_clk    |   in|    1|  ap_ctrl_hs|     maxmul2x2|  return value|
|ap_rst    |   in|    1|  ap_ctrl_hs|     maxmul2x2|  return value|
|ap_start  |   in|    1|  ap_ctrl_hs|     maxmul2x2|  return value|
|ap_done   |  out|    1|  ap_ctrl_hs|     maxmul2x2|  return value|
|ap_idle   |  out|    1|  ap_ctrl_hs|     maxmul2x2|  return value|
|ap_ready  |  out|    1|  ap_ctrl_hs|     maxmul2x2|  return value|
|a00       |   in|   16|     ap_none|           a00|        scalar|
|a01       |   in|   16|     ap_none|           a01|        scalar|
|a10       |   in|   16|     ap_none|           a10|        scalar|
|a11       |   in|   16|     ap_none|           a11|        scalar|
|b00       |   in|   16|     ap_none|           b00|        scalar|
|b01       |   in|   16|     ap_none|           b01|        scalar|
|b10       |   in|   16|     ap_none|           b10|        scalar|
|b11       |   in|   16|     ap_none|           b11|        scalar|
|c00       |  out|   32|     ap_none|           c00|       pointer|
|c01       |  out|   32|     ap_none|           c01|       pointer|
|c10       |  out|   32|     ap_none|           c10|       pointer|
|c11       |  out|   32|     ap_none|           c11|       pointer|
+----------+-----+-----+------------+--------------+--------------+

